[[("collectHasCallStackBacktrace",SrcLoc {srcLocPackage = "base", srcLocModule = "GHC.Exception", srcLocFile = "libraries/base/GHC/Exception.hs", srcLocStartLine = 81, srcLocStartCol = 15, srcLocEndLine = 81, srcLocEndCol = 43}),("throwWithCallStack",SrcLoc {srcLocPackage = "main", srcLocModule = "Main", srcLocFile = "throwWithCallStack.hs", srcLocStartLine = 13, srcLocStartCol = 6, srcLocEndLine = 13, srcLocEndCol = 24})]]
