
T10619.hs:10:14: error:
    • Couldn't match type ‘t1’ with ‘forall a. a -> a’
      Expected: (forall a. a -> a) -> forall b. b -> b
        Actual: t1 -> t1
      Cannot instantiate unification variable ‘t1’
      with a type involving polytypes: forall a. a -> a
    • In the expression: \ y -> y
      In the expression:
        if True then
            ((\ x -> x) :: (forall a. a -> a) -> forall b. b -> b)
        else
            \ y -> y
      In an equation for ‘foo’:
          foo _
            = if True then
                  ((\ x -> x) :: (forall a. a -> a) -> forall b. b -> b)
              else
                  \ y -> y

T10619.hs:14:15: error:
    • Couldn't match type ‘t2’ with ‘forall a. a -> a’
      Expected: t2 -> t2
        Actual: (forall a. a -> a) -> forall b. b -> b
      Cannot equate type variable ‘t2’
      with a type involving polytypes: forall a. a -> a
      ‘t2’ is a rigid type variable bound by
        the inferred type of bar :: t -> t2 -> t2
        at T10619.hs:(12,1)-(14,66)
    • In the expression:
          (\ x -> x) :: (forall a. a -> a) -> forall b. b -> b
      In the expression:
        if True then
            \ y -> y
        else
            ((\ x -> x) :: (forall a. a -> a) -> forall b. b -> b)
      In an equation for ‘bar’:
          bar _
            = if True then
                  \ y -> y
              else
                  ((\ x -> x) :: (forall a. a -> a) -> forall b. b -> b)
    • Relevant bindings include
        bar :: t -> t2 -> t2 (bound at T10619.hs:12:1)

T10619.hs:17:13: error:
    • Couldn't match type ‘t0’ with ‘forall a. a -> a’
      Expected: (forall a. a -> a) -> forall b. b -> b
        Actual: t0 -> t0
      Cannot instantiate unification variable ‘t0’
      with a type involving polytypes: forall a. a -> a
    • In the expression: \ y -> y
      In an equation for ‘baz’: baz False = \ y -> y

T10619.hs:20:14: error:
    • Couldn't match type ‘t’ with ‘forall a. a -> a’
      Expected: t -> t
        Actual: (forall a. a -> a) -> forall b. b -> b
      Cannot equate type variable ‘t’
      with a type involving polytypes: forall a. a -> a
      ‘t’ is a rigid type variable bound by
        the inferred type of quux :: Bool -> t -> t
        at T10619.hs:(19,1)-(20,64)
    • In the expression:
          (\ x -> x) :: (forall a. a -> a) -> forall b. b -> b
      In an equation for ‘quux’:
          quux True = (\ x -> x) :: (forall a. a -> a) -> forall b. b -> b
    • Relevant bindings include
        quux :: Bool -> t -> t (bound at T10619.hs:19:1)
