
T20666.hs:13:10: error:
    • Could not deduce (Show (T c))
        arising from the superclasses of an instance declaration
      from the context: (D d, c ~ S d)
        bound by the instance declaration at T20666.hs:13:10-31
    • In the instance declaration for ‘C1 c’

T20666.hs:17:10: error:
    • Could not deduce (Show (T c))
        arising from the superclasses of an instance declaration
      from the context: (D d, c ~ S d, c' ~ c)
        bound by the instance declaration at T20666.hs:17:10-40
    • In the instance declaration for ‘C2 c'’
