
T20864_fail.hs:17:33: error:
    • Expecting a lifted type, but ‘x’ is unlifted
    • In a stmt of a list comprehension: then take 3
      In the expression: [I# (x +# y) | Foo x y <- xs, then take 3]
      In an equation for ‘glum2’:
          glum2 xs = [I# (x +# y) | Foo x y <- xs, then take 3]

T20864_fail.hs:20:22: error:
    • Expecting a lifted type, but ‘p’ is unlifted
    • In a stmt of a list comprehension: then take 3
      In the expression:
        [I# p | I# x <- xs, let p = x +# 3#, then take 3]
      In an equation for ‘glum’:
          glum xs = [I# p | I# x <- xs, let p = x +# 3#, then take 3]
