
saks_fail023.hs:10:1: error:
    • Expected a type, but ‘a’ has kind ‘k’
    • In the class declaration for ‘C’
