
ImpSafeOnly05.hs:5:1: error:
    Could not find module ‘M_SafePkg5’
    Use -v (or `:set -v` in ghci) to see a list of the files searched for.
