<command line>: cannot satisfy -trust safePkg01
    (use -v for more information)
