  :: Int %1 -> Int %1 -> T
         Tmpl= \ (dt [Occ=Once1!] :: Int) (dt [Occ=Once1!] :: Int) ->
  = \ (dt [Occ=Once1!] :: Int) (dt [Occ=Once1!] :: Int) ->
T16029.g4 :: Int
g2 [Occ=LoopBreaker] :: T -> Int -> Int
         Tmpl= \ (ds [Occ=Once1!] :: T) (ds1 [Occ=Once1!] :: Int) ->
  = \ (ds :: T) (ds1 :: Int) ->
g1 [Occ=LoopBreaker] :: S -> Int -> Int
         Tmpl= \ (ds [Occ=Once1!] :: S) (ds1 [Occ=Once1!] :: Int) ->
  = \ (ds :: S) (ds1 :: Int) ->
