could not find $w$sgo; compilation was not as expected
4
