"=== Test backtraces ==="
"Backtrace mechanisms []:"
[]
"Backtrace mechanisms [HasCallStackBacktraceMech]:"
[[("collectHasCallStackBacktrace",SrcLoc {srcLocPackage = "base", srcLocModule = "GHC.Exception.Backtrace", srcLocFile = "libraries/base/GHC/Exception/Backtrace.hs", srcLocStartLine = 109, srcLocStartCol = 52, srcLocEndLine = 109, srcLocEndCol = 80}),("collectBacktraces'",SrcLoc {srcLocPackage = "base", srcLocModule = "GHC.Exception.Backtrace", srcLocFile = "libraries/base/GHC/Exception/Backtrace.hs", srcLocStartLine = 102, srcLocStartCol = 27, srcLocEndLine = 102, srcLocEndCol = 45}),("collectBacktraces",SrcLoc {srcLocPackage = "base", srcLocModule = "GHC.IO", srcLocFile = "libraries/base/GHC/IO.hs", srcLocStartLine = 239, srcLocStartCol = 7, srcLocEndLine = 239, srcLocEndCol = 24}),("throwIO",SrcLoc {srcLocPackage = "main", srcLocModule = "Main", srcLocFile = "throwIO.hs", srcLocStartLine = 6, srcLocStartCol = 21, srcLocEndLine = 6, srcLocEndCol = 28})]]
"Backtrace mechanisms [CostCenterBacktraceMech]:"
[["Main.main (throwIO.hs:6:1-27)","ThrowTestLib.runThrowTest (ThrowTestLib.hs:(18,1)-(34,20))","ThrowTestLib.printBacktrace (ThrowTestLib.hs:(37,1)-(48,9))","ThrowTestLib.produceDeepStack (ThrowTestLib.hs:(52,1)-(63,53))","ThrowTestLib.produceDeepStack.getDeepStackCase (ThrowTestLib.hs:(62,5)-(63,53))"]]
"Backtrace mechanisms [IPEBacktraceMech]:"
[[StackEntry {functionName = "runThrowTest", moduleName = "ThrowTestLib", srcLoc = "ThrowTestLib.hs:26:18-30", closureType = 53},StackEntry {functionName = "printBacktrace", moduleName = "ThrowTestLib", srcLoc = "ThrowTestLib.hs:(41,5)-(47,7)", closureType = 53},StackEntry {functionName = "printBacktrace", moduleName = "ThrowTestLib", srcLoc = "ThrowTestLib.hs:42:48", closureType = 53}]]
"Backtrace mechanisms [IPEBacktraceMech,CostCenterBacktraceMech,HasCallStackBacktraceMech]:"
[[StackEntry {functionName = "runThrowTest", moduleName = "ThrowTestLib", srcLoc = "ThrowTestLib.hs:28:5-17", closureType = 53},StackEntry {functionName = "printBacktrace", moduleName = "ThrowTestLib", srcLoc = "ThrowTestLib.hs:(41,5)-(47,7)", closureType = 53},StackEntry {functionName = "printBacktrace", moduleName = "ThrowTestLib", srcLoc = "ThrowTestLib.hs:42:48", closureType = 53}],["Main.main (throwIO.hs:6:1-27)","ThrowTestLib.runThrowTest (ThrowTestLib.hs:(18,1)-(34,20))","ThrowTestLib.printBacktrace (ThrowTestLib.hs:(37,1)-(48,9))","ThrowTestLib.produceDeepStack (ThrowTestLib.hs:(52,1)-(63,53))","ThrowTestLib.produceDeepStack.getDeepStackCase (ThrowTestLib.hs:(62,5)-(63,53))"],[("collectHasCallStackBacktrace",SrcLoc {srcLocPackage = "base", srcLocModule = "GHC.Exception.Backtrace", srcLocFile = "libraries/base/GHC/Exception/Backtrace.hs", srcLocStartLine = 109, srcLocStartCol = 52, srcLocEndLine = 109, srcLocEndCol = 80}),("collectBacktraces'",SrcLoc {srcLocPackage = "base", srcLocModule = "GHC.Exception.Backtrace", srcLocFile = "libraries/base/GHC/Exception/Backtrace.hs", srcLocStartLine = 102, srcLocStartCol = 27, srcLocEndLine = 102, srcLocEndCol = 45}),("collectBacktraces",SrcLoc {srcLocPackage = "base", srcLocModule = "GHC.IO", srcLocFile = "libraries/base/GHC/IO.hs", srcLocStartLine = 239, srcLocStartCol = 7, srcLocEndLine = 239, srcLocEndCol = 24}),("throwIO",SrcLoc {srcLocPackage = "main", srcLocModule = "Main", srcLocFile = "throwIO.hs", srcLocStartLine = 6, srcLocStartCol = 21, srcLocEndLine = 6, srcLocEndCol = 28})]]
