[[StackEntry {functionName = "throwExceptionInScrutinee", moduleName = "Main", srcLoc = "throwIOWithIPEStack.hs:21:43-57", closureType = 53}]]
