[[("collectHasCallStackBacktrace",SrcLoc {srcLocPackage = "base", srcLocModule = "GHC.IO", srcLocFile = "libraries/base/GHC/IO.hs", srcLocStartLine = 253, srcLocStartCol = 34, srcLocEndLine = 253, srcLocEndCol = 62}),("throwIOWithCallStack",SrcLoc {srcLocPackage = "main", srcLocModule = "Main", srcLocFile = "throwIOWithCallStack.hs", srcLocStartLine = 13, srcLocStartCol = 6, srcLocEndLine = 13, srcLocEndCol = 26})]]
