("throwIO",SrcLoc {srcLocPackage = "main", srcLocModule = "Main", srcLocFile = "throwIO_rethrowException.hs", srcLocStartLine = 22, srcLocStartCol = 10, srcLocEndLine = 22, srcLocEndCol = 17})
