[["Main.main (throwIOWithCostCenterStack.hs:(11,1)-(16,5))"]]
